%!Adobe-FontList 1.09

%BeginFont
Handler:DirectoryHandler
FontType:TrueType
FontName:4StarFaceFont
FamilyName:4 Star Face Font
StyleName:Regular
FullName:4 Star Face Font
WritingScript:Roman
OutlineFileName:C:/FONTES_NAO_APAGUE/FONTES_DIVERSAS/_MANUSCRITAS/\4STAFF__.TTF
DataFormat:sfntData
FileLength:26648
FileModTime:1205528692
WeightClass:400
WidthClass:5
AngleClass:0
%EndFont

%BeginFont
Handler:DirectoryHandler
FontType:TrueType
FontName:Almagro
FamilyName:Almagro
StyleName:Regular
FullName:Almagro Regular
WritingScript:Roman
OutlineFileName:C:/FONTES_NAO_APAGUE/FONTES_DIVERSAS/_MANUSCRITAS/\ALMAGRO_.TTF
DataFormat:sfntData
FileLength:29408
FileModTime:1205528724
WeightClass:5
WidthClass:5
AngleClass:0
%EndFont

%BeginFont
Handler:DirectoryHandler
FontType:TrueType
FontName:AlphaMackAOE
FamilyName:AlphaMack AOE
StyleName:Regular
FullName:AlphaMack AOE
WritingScript:Roman
OutlineFileName:C:/FONTES_NAO_APAGUE/FONTES_DIVERSAS/_MANUSCRITAS/\ALPHMA__.TTF
DataFormat:sfntData
FileLength:65692
FileModTime:1205528724
WeightClass:400
WidthClass:5
AngleClass:0
%EndFont

%BeginFont
Handler:DirectoryHandler
FontType:Type1
FontName:Americratika
FamilyName:Americratika
StyleName:Regular
FullName:Americratika
WritingScript:Roman
OutlineFileName:C:/FONTES_NAO_APAGUE/FONTES_DIVERSAS/_MANUSCRITAS/\Americratika.otf
DataFormat:sfntData
UsesStandardEncoding:yes
isCFF:yes
FileLength:72004
FileModTime:1205528729
WeightClass:500
WidthClass:5
AngleClass:0
%EndFont

%BeginFont
Handler:DirectoryHandler
FontType:TrueType
FontName:Another
FamilyName:Another
StyleName:Regular
FullName:Another
WritingScript:Roman
OutlineFileName:C:/FONTES_NAO_APAGUE/FONTES_DIVERSAS/_MANUSCRITAS/\Another_.ttf
DataFormat:sfntData
FileLength:60536
FileModTime:897933778
WeightClass:400
WidthClass:5
AngleClass:0
%EndFont

%BeginFont
Handler:DirectoryHandler
FontType:TrueType
FontName:asilaydying
FamilyName:as i lay dying
StyleName:Regular
FullName:as i lay dying
WritingScript:Roman
OutlineFileName:C:/FONTES_NAO_APAGUE/FONTES_DIVERSAS/_MANUSCRITAS/\As_I_Lay_Dying.ttf
DataFormat:sfntData
FileLength:23120
FileModTime:1129058538
WeightClass:400
WidthClass:5
AngleClass:0
%EndFont

%BeginFont
Handler:DirectoryHandler
FontType:TrueType
FontName:Aubergine
FamilyName:Aubergine
StyleName:Regular
FullName:Aubergine
WritingScript:Roman
OutlineFileName:C:/FONTES_NAO_APAGUE/FONTES_DIVERSAS/_MANUSCRITAS/\aubergin.ttf
DataFormat:sfntData
FileLength:57584
FileModTime:913197600
WeightClass:100
WidthClass:5
AngleClass:0
%EndFont

%BeginFont
Handler:DirectoryHandler
FontType:TrueType
FontName:AustinsHand-Plain
FamilyName:AustinsHand
StyleName:Regular
FullName:AustinsHand Regular
WritingScript:Roman
OutlineFileName:C:/FONTES_NAO_APAGUE/FONTES_DIVERSAS/_MANUSCRITAS/\AUSTIN_H.TTF
DataFormat:sfntData
FileLength:50412
FileModTime:864136800
WeightClass:5
WidthClass:5
AngleClass:0
%EndFont

%BeginFont
Handler:DirectoryHandler
FontType:TrueType
FontName:AverysHand
FamilyName:AverysHand
StyleName:Regular
FullName:AverysHand
WritingScript:Roman
OutlineFileName:C:/FONTES_NAO_APAGUE/FONTES_DIVERSAS/_MANUSCRITAS/\AVERY-H.TTF
DataFormat:sfntData
FileLength:49284
FileModTime:838216574
WeightClass:400
WidthClass:5
AngleClass:0
%EndFont

%BeginFont
Handler:DirectoryHandler
FontType:TrueType
FontName:BarrysHand-Plain
FamilyName:BarrysHand
StyleName:Regular
FullName:BarrysHand Regular
WritingScript:Roman
OutlineFileName:C:/FONTES_NAO_APAGUE/FONTES_DIVERSAS/_MANUSCRITAS/\BARRY_H.TTF
DataFormat:sfntData
FileLength:51500
FileModTime:864136800
WeightClass:5
WidthClass:5
AngleClass:0
%EndFont

%BeginFont
Handler:DirectoryHandler
FontType:TrueType
FontName:BenBrown
FamilyName:Ben Brown
StyleName:Regular
FullName:Ben Brown
WritingScript:Roman
OutlineFileName:C:/FONTES_NAO_APAGUE/FONTES_DIVERSAS/_MANUSCRITAS/\BENBROWN.TTF
DataFormat:sfntData
FileLength:27584
FileModTime:1205528680
WeightClass:400
WidthClass:5
AngleClass:0
%EndFont

%BeginFont
Handler:DirectoryHandler
FontType:TrueType
FontName:Berenice
FamilyName:Berenice
StyleName:Regular
FullName:Berenice
WritingScript:Roman
OutlineFileName:C:/FONTES_NAO_APAGUE/FONTES_DIVERSAS/_MANUSCRITAS/\berenice.ttf
DataFormat:sfntData
FileLength:71348
FileModTime:912693438
WeightClass:100
WidthClass:5
AngleClass:0
%EndFont

%BeginFont
Handler:DirectoryHandler
FontType:TrueType
FontName:BergellLetPlain
FamilyName:Bergell LET
StyleName:Plain
FullName:Bergell LET Plain:1.0
WritingScript:Roman
OutlineFileName:C:/FONTES_NAO_APAGUE/FONTES_DIVERSAS/_MANUSCRITAS/\BERGELL.TTF
DataFormat:sfntData
FileLength:107581
FileModTime:739005640
WeightClass:5
WidthClass:5
AngleClass:0
%EndFont

%BeginFont
Handler:DirectoryHandler
FontType:TrueType
FontName:BethHand
FamilyName:BethHand
StyleName:Regular
FullName:BethHand
WritingScript:Roman
OutlineFileName:C:/FONTES_NAO_APAGUE/FONTES_DIVERSAS/_MANUSCRITAS/\Bethhrg_.ttf
DataFormat:sfntData
FileLength:55596
FileModTime:883755474
WeightClass:400
WidthClass:5
AngleClass:0
%EndFont

%BeginFont
Handler:DirectoryHandler
FontType:TrueType
FontName:BethanysHand
FamilyName:BethanysHand
StyleName:Regular
FullName:BethanysHand
WritingScript:Roman
OutlineFileName:C:/FONTES_NAO_APAGUE/FONTES_DIVERSAS/_MANUSCRITAS/\BETHNY-H.TTF
DataFormat:sfntData
FileLength:57600
FileModTime:841418272
WeightClass:400
WidthClass:5
AngleClass:0
%EndFont

%BeginFont
Handler:DirectoryHandler
FontType:TrueType
FontName:BettysHand-Plain
FamilyName:BettysHand
StyleName:Regular
FullName:BettysHand Regular
WritingScript:Roman
OutlineFileName:C:/FONTES_NAO_APAGUE/FONTES_DIVERSAS/_MANUSCRITAS/\BETTY_H.TTF
DataFormat:sfntData
FileLength:49972
FileModTime:864136800
WeightClass:5
WidthClass:5
AngleClass:0
%EndFont

%BeginFont
Handler:DirectoryHandler
FontType:TrueType
FontName:Birdie
FamilyName:Birdie
StyleName:Regular
FullName:Birdie
WritingScript:Roman
OutlineFileName:C:/FONTES_NAO_APAGUE/FONTES_DIVERSAS/_MANUSCRITAS/\birdie.ttf
DataFormat:sfntData
FileLength:61724
FileModTime:912693746
WeightClass:100
WidthClass:5
AngleClass:0
%EndFont

%BeginFont
Handler:DirectoryHandler
FontType:TrueType
FontName:blzee
FamilyName:blzee
StyleName:Regular
FullName:blzee
WritingScript:Roman
OutlineFileName:C:/FONTES_NAO_APAGUE/FONTES_DIVERSAS/_MANUSCRITAS/\blzee.ttf
DataFormat:sfntData
FileLength:40368
FileModTime:1044413312
WeightClass:400
WidthClass:5
AngleClass:0
%EndFont

%BeginFont
Handler:DirectoryHandler
FontType:TrueType
FontName:Bobcat
FamilyName:Bobcat
StyleName:Normal
FullName:Bobcat
WritingScript:Roman
OutlineFileName:C:/FONTES_NAO_APAGUE/FONTES_DIVERSAS/_MANUSCRITAS/\BOBCAT.TTF
DataFormat:sfntData
FileLength:25332
FileModTime:1079143116
WeightClass:400
WidthClass:5
AngleClass:0
%EndFont

%BeginFont
Handler:DirectoryHandler
FontType:TrueType
FontName:Boomerang
FamilyName:Boomerang
StyleName:Regular
FullName:Boomerang
WritingScript:Roman
OutlineFileName:C:/FONTES_NAO_APAGUE/FONTES_DIVERSAS/_MANUSCRITAS/\BOOMERAN.TTF
DataFormat:sfntData
FileLength:34556
FileModTime:902936558
WeightClass:400
WidthClass:5
AngleClass:0
%EndFont

%BeginFont
Handler:DirectoryHandler
FontType:TrueType
FontName:BradleyHandITC
FamilyName:Bradley Hand ITC
StyleName:Regular
FullName:Bradley Hand ITC
WritingScript:Roman
OutlineFileName:C:/FONTES_NAO_APAGUE/FONTES_DIVERSAS/_MANUSCRITAS/\BRADHITC.TTF
DataFormat:sfntData
FileLength:105296
FileModTime:939984946
WeightClass:400
WidthClass:5
AngleClass:0
%EndFont

%BeginFont
Handler:DirectoryHandler
FontType:TrueType
FontName:BrettsHand-Plain
FamilyName:BrettsHand
StyleName:Regular
FullName:BrettsHand Regular
WritingScript:Roman
OutlineFileName:C:/FONTES_NAO_APAGUE/FONTES_DIVERSAS/_MANUSCRITAS/\BRETT_H.TTF
DataFormat:sfntData
FileLength:52840
FileModTime:864136800
WeightClass:5
WidthClass:5
AngleClass:0
%EndFont

%BeginFont
Handler:DirectoryHandler
FontType:TrueType
FontName:BronxLetPlain
FamilyName:Bronx LET
StyleName:Plain
FullName:Bronx LET Plain:1.0
WritingScript:Roman
OutlineFileName:C:/FONTES_NAO_APAGUE/FONTES_DIVERSAS/_MANUSCRITAS/\BRONXN.TTF
DataFormat:sfntData
FileLength:132733
FileModTime:752840544
WeightClass:5
WidthClass:5
AngleClass:0
%EndFont

%BeginFont
Handler:DirectoryHandler
FontType:TrueType
FontName:Buitenzorg
FamilyName:Buitenzorg
StyleName:Regular
FullName:Buitenzorg
WritingScript:Roman
OutlineFileName:C:/FONTES_NAO_APAGUE/FONTES_DIVERSAS/_MANUSCRITAS/\BUITENZO.TTF
DataFormat:sfntData
FileLength:47172
FileModTime:1157566814
WeightClass:400
WidthClass:5
AngleClass:0
%EndFont

%BeginFont
Handler:DirectoryHandler
FontType:TrueType
FontName:Burton's-Nightmare-2000
FamilyName:Burton's Nightmare 2000
StyleName: 
FullName:Burton's Nightmare 2000
WritingScript:Roman
OutlineFileName:C:/FONTES_NAO_APAGUE/FONTES_DIVERSAS/_MANUSCRITAS/\Burton's_nigthmare2000.ttf
DataFormat:sfntData
FileLength:19012
FileModTime:996389036
WeightClass:400
WidthClass:5
AngleClass:0
%EndFont

%BeginFont
Handler:DirectoryHandler
FontType:TrueType
FontName:CACPinafore
FamilyName:CAC Pinafore
StyleName:Regular
FullName:CAC Pinafore
WritingScript:Roman
OutlineFileName:C:/FONTES_NAO_APAGUE/FONTES_DIVERSAS/_MANUSCRITAS/\CACPINAF.TTF
DataFormat:sfntData
FileLength:46184
FileModTime:841241100
WeightClass:400
WidthClass:5
AngleClass:0
%EndFont

%BeginFont
Handler:DirectoryHandler
FontType:TrueType
FontName:CaflischScript-Web
FamilyName:Caflisch Script Web
StyleName:Regular
FullName:Caflisch Script Web
WritingScript:Roman
OutlineFileName:C:/FONTES_NAO_APAGUE/FONTES_DIVERSAS/_MANUSCRITAS/\CAFLISCH.TTF
DataFormat:sfntData
FileLength:104104
FileModTime:876470508
WeightClass:400
WidthClass:5
AngleClass:1
%EndFont

%BeginFont
Handler:DirectoryHandler
FontType:TrueType
FontName:CatholicSchoolGirlsBB
FamilyName:CatholicSchoolGirls BB
StyleName:Regular
FullName:CatholicSchoolGirls BB
WritingScript:Roman
OutlineFileName:C:/FONTES_NAO_APAGUE/FONTES_DIVERSAS/_MANUSCRITAS/\CATHSGBR.TTF
DataFormat:sfntData
FileLength:26224
FileModTime:1082987880
WeightClass:400
WidthClass:5
AngleClass:0
%EndFont

%BeginFont
Handler:DirectoryHandler
FontType:TrueType
FontName:ChicksHand-Plain
FamilyName:ChicksHand
StyleName:Regular
FullName:ChicksHand Regular
WritingScript:Roman
OutlineFileName:C:/FONTES_NAO_APAGUE/FONTES_DIVERSAS/_MANUSCRITAS/\CHICK_H.TTF
DataFormat:sfntData
FileLength:50228
FileModTime:864136800
WeightClass:5
WidthClass:5
AngleClass:0
%EndFont

%BeginFont
Handler:DirectoryHandler
FontType:TrueType
FontName:Child's-Play
FamilyName:Child's Play
StyleName:Normal
FullName:Child's Play
WritingScript:Roman
OutlineFileName:C:/FONTES_NAO_APAGUE/FONTES_DIVERSAS/_MANUSCRITAS/\CHILD.TTF
DataFormat:sfntData
FileLength:24164
FileModTime:731607200
WeightClass:400
WidthClass:5
AngleClass:0
%EndFont

%BeginFont
Handler:DirectoryHandler
FontType:TrueType
FontName:Christopherhand
FamilyName:Christopherhand
StyleName:Regular
FullName:Christopherhand
WritingScript:Roman
OutlineFileName:C:/FONTES_NAO_APAGUE/FONTES_DIVERSAS/_MANUSCRITAS/\comesinhandy.ttf
DataFormat:sfntData
FileLength:24864
FileModTime:1172989618
WeightClass:400
WidthClass:5
AngleClass:0
%EndFont

%BeginFont
Handler:DirectoryHandler
FontType:TrueType
FontName:CoreysHand-Plain
FamilyName:CoreysHand
StyleName:Regular
FullName:CoreysHand Regular
WritingScript:Roman
OutlineFileName:C:/FONTES_NAO_APAGUE/FONTES_DIVERSAS/_MANUSCRITAS/\COREY_H.TTF
DataFormat:sfntData
FileLength:50756
FileModTime:864136800
WeightClass:5
WidthClass:5
AngleClass:0
%EndFont

%BeginFont
Handler:DirectoryHandler
FontType:TrueType
FontName:CrosbysHand
FamilyName:CrosbysHand
StyleName:Regular
FullName:CrosbysHand
WritingScript:Roman
OutlineFileName:C:/FONTES_NAO_APAGUE/FONTES_DIVERSAS/_MANUSCRITAS/\CROSBY-H.TTF
DataFormat:sfntData
FileLength:66984
FileModTime:841441590
WeightClass:400
WidthClass:5
AngleClass:0
%EndFont

%BeginFont
Handler:DirectoryHandler
FontType:TrueType
FontName:CrystalsHand
FamilyName:CrystalsHand
StyleName:Regular
FullName:CrystalsHand
WritingScript:Roman
OutlineFileName:C:/FONTES_NAO_APAGUE/FONTES_DIVERSAS/_MANUSCRITAS/\CRYSTL-H.TTF
DataFormat:sfntData
FileLength:47356
FileModTime:841433732
WeightClass:400
WidthClass:5
AngleClass:0
%EndFont

%BeginFont
Handler:DirectoryHandler
FontType:TrueType
FontName:Culture
FamilyName:Culture
StyleName:Regular
FullName:Culture
WritingScript:Roman
OutlineFileName:C:/FONTES_NAO_APAGUE/FONTES_DIVERSAS/_MANUSCRITAS/\culture.ttf
DataFormat:sfntData
FileLength:33516
FileModTime:912757398
WeightClass:100
WidthClass:5
AngleClass:0
%EndFont

%BeginFont
Handler:DirectoryHandler
FontType:TrueType
FontName:Dijkstra
FamilyName:Scratchpad
StyleName:Regular
FullName:Scratchpad Medium
WritingScript:Roman
OutlineFileName:C:/FONTES_NAO_APAGUE/FONTES_DIVERSAS/_MANUSCRITAS/\CW_SCRPD.TTF
DataFormat:sfntData
FileLength:28492
FileModTime:787978610
WeightClass:500
WidthClass:5
AngleClass:0
%EndFont

%BeginFont
Handler:DirectoryHandler
FontType:TrueType
FontName:SignatureFont
FamilyName:WhisperWrite
StyleName:Regular
FullName:WhisperWrite Medium
WritingScript:Roman
OutlineFileName:C:/FONTES_NAO_APAGUE/FONTES_DIVERSAS/_MANUSCRITAS/\CW_WHWRM.TTF
DataFormat:sfntData
FileLength:45804
FileModTime:787979810
WeightClass:500
WidthClass:5
AngleClass:0
%EndFont

%BeginFont
Handler:DirectoryHandler
FontType:TrueType
FontName:Dagobert
FamilyName:Dagobert
StyleName:Regular
FullName:Dagobert
WritingScript:Roman
OutlineFileName:C:/FONTES_NAO_APAGUE/FONTES_DIVERSAS/_MANUSCRITAS/\dagobert.ttf
DataFormat:sfntData
FileLength:51956
FileModTime:912757572
WeightClass:100
WidthClass:5
AngleClass:0
%EndFont

%BeginFont
Handler:DirectoryHandler
FontType:TrueType
FontName:Dali
FamilyName:Dali
StyleName:Regular
FullName:Dali
WritingScript:Roman
OutlineFileName:C:/FONTES_NAO_APAGUE/FONTES_DIVERSAS/_MANUSCRITAS/\dali____.ttf
DataFormat:sfntData
FileLength:39476
FileModTime:883877484
WeightClass:400
WidthClass:5
AngleClass:0
%EndFont

%BeginFont
Handler:DirectoryHandler
FontType:TrueType
FontName:Schrift
FamilyName:Dani
StyleName:Regular
FullName:Dani
WritingScript:Roman
OutlineFileName:C:/FONTES_NAO_APAGUE/FONTES_DIVERSAS/_MANUSCRITAS/\Dani.ttf
DataFormat:sfntData
FileLength:46096
FileModTime:1205528682
WeightClass:400
WidthClass:5
AngleClass:1
%EndFont

%BeginFont
Handler:DirectoryHandler
FontType:TrueType
FontName:Daniel
FamilyName:Daniel
StyleName:Regular
FullName:Daniel
WritingScript:Roman
OutlineFileName:C:/FONTES_NAO_APAGUE/FONTES_DIVERSAS/_MANUSCRITAS/\daniel.ttf
DataFormat:sfntData
FileLength:51984
FileModTime:1205528751
WeightClass:400
WidthClass:5
AngleClass:0
%EndFont

%BeginFont
Handler:DirectoryHandler
FontType:TrueType
FontName:DanielBlack
FamilyName:Daniel Black
StyleName:Regular
FullName:Daniel Black
WritingScript:Roman
OutlineFileName:C:/FONTES_NAO_APAGUE/FONTES_DIVERSAS/_MANUSCRITAS/\danielbk.ttf
DataFormat:sfntData
FileLength:88760
FileModTime:1205528565
WeightClass:900
WidthClass:5
AngleClass:0
%EndFont

%BeginFont
Handler:DirectoryHandler
FontType:TrueType
FontName:DarinsHand-Plain
FamilyName:DarinsHand
StyleName:Regular
FullName:DarinsHand Regular
WritingScript:Roman
OutlineFileName:C:/FONTES_NAO_APAGUE/FONTES_DIVERSAS/_MANUSCRITAS/\DARIN_H.TTF
DataFormat:sfntData
FileLength:47524
FileModTime:864136800
WeightClass:5
WidthClass:5
AngleClass:0
%EndFont

%BeginFont
Handler:DirectoryHandler
FontType:TrueType
FontName:DeannasHand-Plain
FamilyName:DeannasHand
StyleName:Regular
FullName:DeannasHand Regular
WritingScript:Roman
OutlineFileName:C:/FONTES_NAO_APAGUE/FONTES_DIVERSAS/_MANUSCRITAS/\DEANNA_H.TTF
DataFormat:sfntData
FileLength:49876
FileModTime:864136800
WeightClass:5
WidthClass:5
AngleClass:0
%EndFont

%BeginFont
Handler:DirectoryHandler
FontType:TrueType
FontName:DearJoeItalic
FamilyName:dearJoe
StyleName:Italic
FullName:dearJoe Italic
WritingScript:Roman
OutlineFileName:C:/FONTES_NAO_APAGUE/FONTES_DIVERSAS/_MANUSCRITAS/\DEARJI__.TTF
DataFormat:sfntData
FileLength:31252
FileModTime:1095648198
WeightClass:400
WidthClass:5
AngleClass:0
%EndFont

%BeginFont
Handler:DirectoryHandler
FontType:Type1
FontName:DearJoefour
FamilyName:dearJoe four
StyleName:Regular
FullName:dearJoe four
WritingScript:Roman
OutlineFileName:C:/FONTES_NAO_APAGUE/FONTES_DIVERSAS/_MANUSCRITAS/\dearJoe_4_trial.otf
DataFormat:sfntData
UsesStandardEncoding:yes
isCFF:yes
FileLength:62768
FileModTime:1205528767
WeightClass:400
WidthClass:5
AngleClass:0
%EndFont

%BeginFont
Handler:DirectoryHandler
FontType:TrueType
FontName:DeniseSans
FamilyName:Denise Sans
StyleName:Regular
FullName:Denise Sans
WritingScript:Roman
OutlineFileName:C:/FONTES_NAO_APAGUE/FONTES_DIVERSAS/_MANUSCRITAS/\Denise Sans.ttf
DataFormat:sfntData
FileLength:48588
FileModTime:1205528743
WeightClass:400
WidthClass:5
AngleClass:0
%EndFont

%BeginFont
Handler:DirectoryHandler
FontType:TrueType
FontName:Denrito
FamilyName:Denrito
StyleName:Regular
FullName:Denrito
WritingScript:Roman
OutlineFileName:C:/FONTES_NAO_APAGUE/FONTES_DIVERSAS/_MANUSCRITAS/\DENRITO_.TTF
DataFormat:sfntData
FileLength:24620
FileModTime:990643486
WeightClass:400
WidthClass:5
AngleClass:0
%EndFont

%BeginFont
Handler:DirectoryHandler
FontType:TrueType
FontName:DereksHand-Plain
FamilyName:DereksHand
StyleName:Regular
FullName:DereksHand Regular
WritingScript:Roman
OutlineFileName:C:/FONTES_NAO_APAGUE/FONTES_DIVERSAS/_MANUSCRITAS/\DEREK_H.TTF
DataFormat:sfntData
FileLength:46912
FileModTime:864136800
WeightClass:5
WidthClass:5
AngleClass:0
%EndFont

%BeginFont
Handler:DirectoryHandler
FontType:TrueType
FontName:Donald
FamilyName:Donald
StyleName:Regular
FullName:Donald
WritingScript:Roman
OutlineFileName:C:/FONTES_NAO_APAGUE/FONTES_DIVERSAS/_MANUSCRITAS/\donald.ttf
DataFormat:sfntData
FileLength:56960
FileModTime:912757706
WeightClass:100
WidthClass:5
AngleClass:0
%EndFont

%BeginFont
Handler:DirectoryHandler
FontType:TrueType
FontName:DonnysHand
FamilyName:DonnysHand
StyleName:Regular
FullName:DonnysHand
WritingScript:Roman
OutlineFileName:C:/FONTES_NAO_APAGUE/FONTES_DIVERSAS/_MANUSCRITAS/\DONNY-H.TTF
DataFormat:sfntData
FileLength:48048
FileModTime:841440876
WeightClass:400
WidthClass:5
AngleClass:0
%EndFont

%BeginFont
Handler:DirectoryHandler
FontType:TrueType
FontName:DrCarbfred
FamilyName:Dr Carbfred
StyleName:Regular
FullName:Dr Carbfred
WritingScript:Roman
OutlineFileName:C:/FONTES_NAO_APAGUE/FONTES_DIVERSAS/_MANUSCRITAS/\Dr Carbfred.ttf
DataFormat:sfntData
FileLength:58912
FileModTime:1205528765
WeightClass:400
WidthClass:5
AngleClass:0
%EndFont

%BeginFont
Handler:DirectoryHandler
FontType:TrueType
FontName:Dr.EveL
FamilyName:Dr. Eve L
StyleName:Regular
FullName:Dr. Eve L
WritingScript:Roman
OutlineFileName:C:/FONTES_NAO_APAGUE/FONTES_DIVERSAS/_MANUSCRITAS/\Dr Eve L.ttf
DataFormat:sfntData
FileLength:25520
FileModTime:943995750
WeightClass:400
WidthClass:5
AngleClass:0
%EndFont

%BeginFont
Handler:DirectoryHandler
FontType:TrueType
FontName:DunnsHand-Plain
FamilyName:DunnsHand
StyleName:Regular
FullName:DunnsHand Regular
WritingScript:Roman
OutlineFileName:C:/FONTES_NAO_APAGUE/FONTES_DIVERSAS/_MANUSCRITAS/\DUNN_H.TTF
DataFormat:sfntData
FileLength:48724
FileModTime:864136800
WeightClass:5
WidthClass:5
AngleClass:0
%EndFont

%BeginFont
Handler:DirectoryHandler
FontType:TrueType
FontName:Elementric
FamilyName:Elementric
StyleName:Normal
FullName:Elementric
WritingScript:Roman
OutlineFileName:C:/FONTES_NAO_APAGUE/FONTES_DIVERSAS/_MANUSCRITAS/\ELEMENT.TTF
DataFormat:sfntData
FileLength:26220
FileModTime:884726456
WeightClass:400
WidthClass:5
AngleClass:0
%EndFont

%BeginFont
Handler:DirectoryHandler
FontType:TrueType
FontName:EmilysHand-Plain
FamilyName:EmilysHand
StyleName:Regular
FullName:EmilysHand Regular
WritingScript:Roman
OutlineFileName:C:/FONTES_NAO_APAGUE/FONTES_DIVERSAS/_MANUSCRITAS/\EMILY_H.TTF
DataFormat:sfntData
FileLength:48144
FileModTime:864136800
WeightClass:5
WidthClass:5
AngleClass:0
%EndFont

%BeginFont
Handler:DirectoryHandler
FontType:TrueType
FontName:ErinsHand
FamilyName:ErinsHand
StyleName:Regular
FullName:ErinsHand
WritingScript:Roman
OutlineFileName:C:/FONTES_NAO_APAGUE/FONTES_DIVERSAS/_MANUSCRITAS/\ERIN-H.TTF
DataFormat:sfntData
FileLength:48112
FileModTime:838228046
WeightClass:400
WidthClass:5
AngleClass:0
%EndFont

%BeginFont
Handler:DirectoryHandler
FontType:TrueType
FontName:Escapade
FamilyName:Escapade
StyleName:Regular
FullName:Escapade
WritingScript:Roman
OutlineFileName:C:/FONTES_NAO_APAGUE/FONTES_DIVERSAS/_MANUSCRITAS/\escapade.ttf
DataFormat:sfntData
FileLength:30876
FileModTime:912760166
WeightClass:100
WidthClass:5
AngleClass:0
%EndFont

%BeginFont
Handler:DirectoryHandler
FontType:TrueType
FontName:EspecialKay
FamilyName:Especial Kay
StyleName:Regular
FullName:Especial Kay
WritingScript:Roman
OutlineFileName:C:/FONTES_NAO_APAGUE/FONTES_DIVERSAS/_MANUSCRITAS/\espek___.ttf
DataFormat:sfntData
FileLength:27276
FileModTime:1205528753
WeightClass:400
WidthClass:5
AngleClass:0
%EndFont

%BeginFont
Handler:DirectoryHandler
FontType:TrueType
FontName:Fely
FamilyName:Fely
StyleName:Regular
FullName:Fely
WritingScript:Roman
OutlineFileName:C:/FONTES_NAO_APAGUE/FONTES_DIVERSAS/_MANUSCRITAS/\Fely.ttf
DataFormat:sfntData
FileLength:46564
FileModTime:1179067840
WeightClass:400
WidthClass:5
AngleClass:0
%EndFont

%BeginFont
Handler:DirectoryHandler
FontType:TrueType
FontName:Festus
FamilyName:festus!
StyleName:Regular
FullName:festus!
WritingScript:Roman
OutlineFileName:C:/FONTES_NAO_APAGUE/FONTES_DIVERSAS/_MANUSCRITAS/\festus!.ttf
DataFormat:sfntData
FileLength:61292
FileModTime:1205528704
WeightClass:400
WidthClass:5
AngleClass:0
%EndFont

%BeginFont
Handler:DirectoryHandler
FontType:TrueType
FontName:Fountain-Pen-Frenzy
FamilyName:Fountain Pen Frenzy
StyleName:Regular
FullName:Fountain Pen Frenzy
WritingScript:Roman
OutlineFileName:C:/FONTES_NAO_APAGUE/FONTES_DIVERSAS/_MANUSCRITAS/\FountainPen.ttf
DataFormat:sfntData
FileLength:34156
FileModTime:1205528770
WeightClass:400
WidthClass:5
AngleClass:0
%EndFont

%BeginFont
Handler:DirectoryHandler
FontType:TrueType
FontName:Foxjump
FamilyName:Foxjump
StyleName:Regular
FullName:Foxjump
WritingScript:Roman
OutlineFileName:C:/FONTES_NAO_APAGUE/FONTES_DIVERSAS/_MANUSCRITAS/\foxjump.ttf
DataFormat:sfntData
FileLength:31120
FileModTime:879317038
WeightClass:400
WidthClass:5
AngleClass:0
%EndFont

%BeginFont
Handler:DirectoryHandler
FontType:TrueType
FontName:Freckles
FamilyName:Freckles
StyleName:Regular
FullName:Freckles
WritingScript:Roman
OutlineFileName:C:/FONTES_NAO_APAGUE/FONTES_DIVERSAS/_MANUSCRITAS/\FRECRG__.TTF
DataFormat:sfntData
FileLength:42448
FileModTime:1079143178
WeightClass:400
WidthClass:5
AngleClass:0
%EndFont

%BeginFont
Handler:DirectoryHandler
FontType:TrueType
FontName:FranklinsHand-Plain
FamilyName:FranklinsHand
StyleName:Regular
FullName:FranklinsHand Regular
WritingScript:Roman
OutlineFileName:C:/FONTES_NAO_APAGUE/FONTES_DIVERSAS/_MANUSCRITAS/\FRNKLN_H.TTF
DataFormat:sfntData
FileLength:48556
FileModTime:864136800
WeightClass:5
WidthClass:5
AngleClass:0
%EndFont

%BeginFont
Handler:DirectoryHandler
FontType:TrueType
FontName:FrenchScriptMT
FamilyName:French Script MT
StyleName:Regular
FullName:French Script MT
WritingScript:Roman
OutlineFileName:C:/FONTES_NAO_APAGUE/FONTES_DIVERSAS/_MANUSCRITAS/\FRSCRIPT.TTF
DataFormat:sfntData
FileLength:58580
FileModTime:924891774
WeightClass:400
WidthClass:5
AngleClass:0
%EndFont

%BeginFont
Handler:DirectoryHandler
FontType:TrueType
FontName:FunkyFresh
FamilyName:Funky
StyleName:Regular
FullName:Funky Regular
WritingScript:Roman
OutlineFileName:C:/FONTES_NAO_APAGUE/FONTES_DIVERSAS/_MANUSCRITAS/\FUNKY.TTF
DataFormat:sfntData
FileLength:50376
FileModTime:840478380
WeightClass:5
WidthClass:5
AngleClass:0
%EndFont

%BeginFont
Handler:DirectoryHandler
FontType:TrueType
FontName:GinosHand-Plain
FamilyName:GinosHand
StyleName:Regular
FullName:GinosHand Regular
WritingScript:Roman
OutlineFileName:C:/FONTES_NAO_APAGUE/FONTES_DIVERSAS/_MANUSCRITAS/\GINO_H.TTF
DataFormat:sfntData
FileLength:46040
FileModTime:864136800
WeightClass:5
WidthClass:5
AngleClass:0
%EndFont

%BeginFont
Handler:DirectoryHandler
FontType:TrueType
FontName:Goobascript
FamilyName:Goobascript
StyleName:Regular
FullName:Goobascript
WritingScript:Roman
OutlineFileName:C:/FONTES_NAO_APAGUE/FONTES_DIVERSAS/_MANUSCRITAS/\Goobascript.ttf
DataFormat:sfntData
FileLength:30636
FileModTime:1177430562
WeightClass:400
WidthClass:5
AngleClass:0
%EndFont

%BeginFont
Handler:DirectoryHandler
FontType:TrueType
FontName:Hallisey
FamilyName:Hallisey
StyleName:Regular
FullName:Hallisey
WritingScript:Roman
OutlineFileName:C:/FONTES_NAO_APAGUE/FONTES_DIVERSAS/_MANUSCRITAS/\HALLISEY.TTF
DataFormat:sfntData
FileLength:28972
FileModTime:974722664
WeightClass:400
WidthClass:5
AngleClass:0
%EndFont

%BeginFont
Handler:DirectoryHandler
FontType:TrueType
FontName:HandScript-Bold
FamilyName:HandScript
StyleName:Bold
FullName:HandScript Bold
WritingScript:Roman
OutlineFileName:C:/FONTES_NAO_APAGUE/FONTES_DIVERSAS/_MANUSCRITAS/\handsb.TTF
DataFormat:sfntData
FileLength:52220
FileModTime:804333600
WeightClass:7
WidthClass:5
AngleClass:0
%EndFont

%BeginFont
Handler:DirectoryHandler
FontType:TrueType
FontName:HansonsHand
FamilyName:HansonsHand
StyleName:Regular
FullName:HansonsHand
WritingScript:Roman
OutlineFileName:C:/FONTES_NAO_APAGUE/FONTES_DIVERSAS/_MANUSCRITAS/\HANSON-H.TTF
DataFormat:sfntData
FileLength:44912
FileModTime:841434330
WeightClass:400
WidthClass:5
AngleClass:0
%EndFont

%BeginFont
Handler:DirectoryHandler
FontType:TrueType
FontName:I-Used-to-Have-a-Crush-On-You
FamilyName:I Used to Have a Crush On You
StyleName:Regular
FullName:I Used to Have a Crush On You
WritingScript:Roman
OutlineFileName:C:/FONTES_NAO_APAGUE/FONTES_DIVERSAS/_MANUSCRITAS/\havecrushonyou.TTF
DataFormat:sfntData
FileLength:85160
FileModTime:977159230
WeightClass:400
WidthClass:5
AngleClass:0
%EndFont

%BeginFont
Handler:DirectoryHandler
FontType:TrueType
FontName:HavingWrit-Heavy
FamilyName:HavingWrit
StyleName:Heavy
FullName:HavingWrit Heavy
WritingScript:Roman
OutlineFileName:C:/FONTES_NAO_APAGUE/FONTES_DIVERSAS/_MANUSCRITAS/\HavingWrit Heavy.ttf
DataFormat:sfntData
FileLength:61236
FileModTime:1205528758
WeightClass:900
WidthClass:5
AngleClass:0
%EndFont

%BeginFont
Handler:DirectoryHandler
FontType:TrueType
FontName:HavingWrit
FamilyName:HavingWrit
StyleName:Regular
FullName:HavingWrit
WritingScript:Roman
OutlineFileName:C:/FONTES_NAO_APAGUE/FONTES_DIVERSAS/_MANUSCRITAS/\HavingWrit.ttf
DataFormat:sfntData
FileLength:61372
FileModTime:1205528740
WeightClass:400
WidthClass:5
AngleClass:0
%EndFont

%BeginFont
Handler:DirectoryHandler
FontType:TrueType
FontName:HodgesHand-Plain
FamilyName:HodgesHand
StyleName:Regular
FullName:HodgesHand Regular
WritingScript:Roman
OutlineFileName:C:/FONTES_NAO_APAGUE/FONTES_DIVERSAS/_MANUSCRITAS/\HODGES-H.TTF
DataFormat:sfntData
FileLength:45904
FileModTime:836841600
WeightClass:5
WidthClass:5
AngleClass:0
%EndFont

%BeginFont
Handler:DirectoryHandler
FontType:TrueType
FontName:Holstein
FamilyName:Holstein
StyleName:Regular
FullName:Holstein
WritingScript:Roman
OutlineFileName:C:/FONTES_NAO_APAGUE/FONTES_DIVERSAS/_MANUSCRITAS/\HOLSTEIN.TTF
DataFormat:sfntData
FileLength:31024
FileModTime:902345496
WeightClass:400
WidthClass:5
AngleClass:0
%EndFont

%BeginFont
Handler:DirectoryHandler
FontType:TrueType
FontName:homework-normal
FamilyName:homework normal
StyleName:Regular
FullName:homework normal
WritingScript:Roman
OutlineFileName:C:/FONTES_NAO_APAGUE/FONTES_DIVERSAS/_MANUSCRITAS/\homework normal.TTF
DataFormat:sfntData
FileLength:22540
FileModTime:1205528671
WeightClass:400
WidthClass:5
AngleClass:0
%EndFont

%BeginFont
Handler:DirectoryHandler
FontType:TrueType
FontName:HoneyIStoleYourJumper
FamilyName:Honey I Stole Your Jumper
StyleName:Regular
FullName:Honey I Stole Your Jumper
WritingScript:Roman
OutlineFileName:C:/FONTES_NAO_APAGUE/FONTES_DIVERSAS/_MANUSCRITAS/\HONEY.TTF
DataFormat:sfntData
FileLength:14388
FileModTime:1205528697
WeightClass:400
WidthClass:5
AngleClass:0
%EndFont

%BeginFont
Handler:DirectoryHandler
FontType:TrueType
FontName:HuntersHand-Plain
FamilyName:HuntersHand
StyleName:Regular
FullName:HuntersHand Regular
WritingScript:Roman
OutlineFileName:C:/FONTES_NAO_APAGUE/FONTES_DIVERSAS/_MANUSCRITAS/\HUNTER_H.TTF
DataFormat:sfntData
FileLength:46260
FileModTime:864136800
WeightClass:5
WidthClass:5
AngleClass:0
%EndFont

%BeginFont
Handler:DirectoryHandler
FontType:TrueType
FontName:IndieStarBB-Bold
FamilyName:IndieStar BB
StyleName:Bold
FullName:IndieStar BB Bold
WritingScript:Roman
OutlineFileName:C:/FONTES_NAO_APAGUE/FONTES_DIVERSAS/_MANUSCRITAS/\indiestarbb_bld.ttf
DataFormat:sfntData
FileLength:33168
FileModTime:1164827760
WeightClass:700
WidthClass:5
AngleClass:0
%EndFont

%BeginFont
Handler:DirectoryHandler
FontType:TrueType
FontName:IndieStarBB
FamilyName:IndieStar BB
StyleName:Regular
FullName:IndieStar BB
WritingScript:Roman
OutlineFileName:C:/FONTES_NAO_APAGUE/FONTES_DIVERSAS/_MANUSCRITAS/\indiestarbb_reg.ttf
DataFormat:sfntData
FileLength:41288
FileModTime:1164827760
WeightClass:400
WidthClass:5
AngleClass:0
%EndFont

%BeginFont
Handler:DirectoryHandler
FontType:TrueType
FontName:BlackadderITC-Regular
FamilyName:Blackadder ITC
StyleName:Regular
FullName:Blackadder ITC
WritingScript:Roman
OutlineFileName:C:/FONTES_NAO_APAGUE/FONTES_DIVERSAS/_MANUSCRITAS/\ITCBLKAD.TTF
DataFormat:sfntData
FileLength:132372
FileModTime:939984956
WeightClass:400
WidthClass:5
AngleClass:0
%EndFont

%BeginFont
Handler:DirectoryHandler
FontType:TrueType
FontName:Jellykajellyfish
FamilyName:Jellyka jellyfish
StyleName:Regular
FullName:Jellyka jellyfish
WritingScript:Roman
OutlineFileName:C:/FONTES_NAO_APAGUE/FONTES_DIVERSAS/_MANUSCRITAS/\Jellofont.ttf
DataFormat:sfntData
FileLength:27728
FileModTime:1205528626
WeightClass:400
WidthClass:5
AngleClass:0
%EndFont

%BeginFont
Handler:DirectoryHandler
FontType:TrueType
FontName:Jessescript-Regular
FamilyName:Jessescript
StyleName:Regular
FullName:Jessescript
WritingScript:Roman
OutlineFileName:C:/FONTES_NAO_APAGUE/FONTES_DIVERSAS/_MANUSCRITAS/\JESSESCR.TTF
DataFormat:sfntData
FileLength:50020
FileModTime:934734470
WeightClass:400
WidthClass:5
AngleClass:0
%EndFont

%BeginFont
Handler:DirectoryHandler
FontType:TrueType
FontName:jey
FamilyName:jey
StyleName:Regular
FullName:jey
WritingScript:Roman
OutlineFileName:C:/FONTES_NAO_APAGUE/FONTES_DIVERSAS/_MANUSCRITAS/\Jey.ttf
DataFormat:sfntData
FileLength:93648
FileModTime:1205528676
WeightClass:400
WidthClass:5
AngleClass:0
%EndFont

%BeginFont
Handler:DirectoryHandler
FontType:TrueType
FontName:JohnsHand-Plain
FamilyName:JohnsHand
StyleName:Regular
FullName:JohnsHand Regular
WritingScript:Roman
OutlineFileName:C:/FONTES_NAO_APAGUE/FONTES_DIVERSAS/_MANUSCRITAS/\JOHN-H.TTF
DataFormat:sfntData
FileLength:47580
FileModTime:836841600
WeightClass:5
WidthClass:5
AngleClass:0
%EndFont

%BeginFont
Handler:DirectoryHandler
FontType:TrueType
FontName:JonnyQuestClassic
FamilyName:Jonny Quest Classic
StyleName:Regular
FullName:Jonny Quest Classic
FamilyNameNative:
StyleNameNative:Regular
FullNameNative:
WritingScript:Cyrillic
OutlineFileName:C:/FONTES_NAO_APAGUE/FONTES_DIVERSAS/_MANUSCRITAS/\Jonny_Quest_Classic.ttf
DataFormat:sfntData
FileLength:20312
FileModTime:1145713932
WeightClass:400
WidthClass:5
AngleClass:0
%EndFont

%BeginFont
Handler:DirectoryHandler
FontType:TrueType
FontName:Josschrift
FamilyName:Josschrift
StyleName:Medium
FullName:Josschrift
WritingScript:Roman
OutlineFileName:C:/FONTES_NAO_APAGUE/FONTES_DIVERSAS/_MANUSCRITAS/\JOSSCHRI.TTF
DataFormat:sfntData
FileLength:43280
FileModTime:1137771516
WeightClass:500
WidthClass:5
AngleClass:0
%EndFont

%BeginFont
Handler:DirectoryHandler
FontType:TrueType
FontName:Jotterscript
FamilyName:Jotterscript
StyleName:Regular
FullName:Jotterscript
WritingScript:Roman
OutlineFileName:C:/FONTES_NAO_APAGUE/FONTES_DIVERSAS/_MANUSCRITAS/\jotterscript.ttf
DataFormat:sfntData
FileLength:41092
FileModTime:1079143220
WeightClass:400
WidthClass:5
AngleClass:0
%EndFont

%BeginFont
Handler:DirectoryHandler
FontType:TrueType
FontName:Journal
FamilyName:Journal
StyleName:Regular
FullName:Journal
WritingScript:Roman
OutlineFileName:C:/FONTES_NAO_APAGUE/FONTES_DIVERSAS/_MANUSCRITAS/\journal.ttf
DataFormat:sfntData
FileLength:27464
FileModTime:912698260
WeightClass:100
WidthClass:5
AngleClass:0
%EndFont

%BeginFont
Handler:DirectoryHandler
FontType:TrueType
FontName:KianasHand
FamilyName:KianasHand
StyleName:Regular
FullName:KianasHand
WritingScript:Roman
OutlineFileName:C:/FONTES_NAO_APAGUE/FONTES_DIVERSAS/_MANUSCRITAS/\KIANA-H.TTF
DataFormat:sfntData
FileLength:49892
FileModTime:841422762
WeightClass:400
WidthClass:5
AngleClass:0
%EndFont

%BeginFont
Handler:DirectoryHandler
FontType:TrueType
FontName:Kidprint
FamilyName:Kidprint
StyleName:Regular
FullName:Kidprint
WritingScript:Roman
OutlineFileName:C:/FONTES_NAO_APAGUE/FONTES_DIVERSAS/_MANUSCRITAS/\Kidprint.TTF
DataFormat:sfntData
FileLength:53500
FileModTime:804766538
WeightClass:400
WidthClass:5
AngleClass:0
%EndFont

%BeginFont
Handler:DirectoryHandler
FontType:TrueType
FontName:KissMeKissMeKissMe
FamilyName:KissMeKissMeKissMe
StyleName:Regular
FullName:KissMeKissMeKissMe
WritingScript:Roman
OutlineFileName:C:/FONTES_NAO_APAGUE/FONTES_DIVERSAS/_MANUSCRITAS/\KISSMKMK.TTF
DataFormat:sfntData
FileLength:67988
FileModTime:860254258
WeightClass:400
WidthClass:5
AngleClass:0
%EndFont

%BeginFont
Handler:DirectoryHandler
FontType:TrueType
FontName:Kitchener-Regular
FamilyName:Kitchener
StyleName:Regular
FullName:Kitchener
WritingScript:Roman
OutlineFileName:C:/FONTES_NAO_APAGUE/FONTES_DIVERSAS/_MANUSCRITAS/\kitchen.ttf
DataFormat:sfntData
FileLength:13184
FileModTime:971566542
WeightClass:400
WidthClass:5
AngleClass:0
%EndFont

%BeginFont
Handler:DirectoryHandler
FontType:TrueType
FontName:JewelHill
FamilyName:Jewel Hill
StyleName:Regular
FullName:Jewel Hill
WritingScript:Roman
OutlineFileName:C:/FONTES_NAO_APAGUE/FONTES_DIVERSAS/_MANUSCRITAS/\kkjwlhil.ttf
DataFormat:sfntData
FileLength:21620
FileModTime:1205528656
WeightClass:400
WidthClass:5
AngleClass:0
%EndFont

%BeginFont
Handler:DirectoryHandler
FontType:TrueType
FontName:LaffayetteComicPro
FamilyName:Laffayette Comic Pro
StyleName:Regular
FullName:Jaws Comic Pro JY
WritingScript:Roman
OutlineFileName:C:/FONTES_NAO_APAGUE/FONTES_DIVERSAS/_MANUSCRITAS/\Laffayette_Comic_Pro.ttf
DataFormat:sfntData
FileLength:26848
FileModTime:1168260098
WeightClass:400
WidthClass:5
AngleClass:0
%EndFont

%BeginFont
Handler:DirectoryHandler
FontType:TrueType
FontName:LassigueDMato
FamilyName:Lassigue
StyleName:Regular
FullName:LassigueDMato
WritingScript:Roman
OutlineFileName:C:/FONTES_NAO_APAGUE/FONTES_DIVERSAS/_MANUSCRITAS/\LassigueDMato.ttf
DataFormat:sfntData
FileLength:139704
FileModTime:1205528783
WeightClass:400
WidthClass:5
AngleClass:0
%EndFont

%BeginFont
Handler:DirectoryHandler
FontType:TrueType
FontName:LesleysHand-Plain
FamilyName:LesleysHand
StyleName:Regular
FullName:LesleysHand Regular
WritingScript:Roman
OutlineFileName:C:/FONTES_NAO_APAGUE/FONTES_DIVERSAS/_MANUSCRITAS/\LESLEY-H.TTF
DataFormat:sfntData
FileLength:49296
FileModTime:836841600
WeightClass:5
WidthClass:5
AngleClass:0
%EndFont

%BeginFont
Handler:DirectoryHandler
FontType:TrueType
FontName:LibertysHand-Plain
FamilyName:LibertysHand
StyleName:Regular
FullName:LibertysHand Regular
WritingScript:Roman
OutlineFileName:C:/FONTES_NAO_APAGUE/FONTES_DIVERSAS/_MANUSCRITAS/\LIBRTY_H.TTF
DataFormat:sfntData
FileLength:50088
FileModTime:864136800
WeightClass:5
WidthClass:5
AngleClass:0
%EndFont

%BeginFont
Handler:DirectoryHandler
FontType:TrueType
FontName:Liliput
FamilyName:Liliput
StyleName:Regular
FullName:Liliput
WritingScript:Roman
OutlineFileName:C:/FONTES_NAO_APAGUE/FONTES_DIVERSAS/_MANUSCRITAS/\liliput.ttf
DataFormat:sfntData
FileLength:65540
FileModTime:912764230
WeightClass:100
WidthClass:5
AngleClass:0
%EndFont

%BeginFont
Handler:DirectoryHandler
FontType:TrueType
FontName:Linoscript-Light
FamilyName:Linoscript-Light
StyleName:Regular
FullName:Linoscript-Light
WritingScript:Roman
OutlineFileName:C:/FONTES_NAO_APAGUE/FONTES_DIVERSAS/_MANUSCRITAS/\LINOSCRI.TTF
DataFormat:sfntData
FileLength:58860
FileModTime:971371390
WeightClass:400
WidthClass:5
AngleClass:0
%EndFont

%BeginFont
Handler:DirectoryHandler
FontType:TrueType
FontName:LunaBar
FamilyName:Luna Bar
StyleName:Regular
FullName:Luna Bar
WritingScript:Roman
OutlineFileName:C:/FONTES_NAO_APAGUE/FONTES_DIVERSAS/_MANUSCRITAS/\LUNABAR_.TTF
DataFormat:sfntData
FileLength:72148
FileModTime:1126453200
WeightClass:400
WidthClass:5
AngleClass:0
%EndFont

%BeginFont
Handler:DirectoryHandler
FontType:TrueType
FontName:MamaeQueNosFaz-Regular
FamilyName:MamaeQueNosFaz
StyleName:Regular
FullName:MamaeQueNosFaz
WritingScript:Roman
OutlineFileName:C:/FONTES_NAO_APAGUE/FONTES_DIVERSAS/_MANUSCRITAS/\Maria_lucia.ttf
DataFormat:sfntData
FileLength:73348
FileModTime:1174863314
WeightClass:400
WidthClass:5
AngleClass:0
%EndFont

%BeginFont
Handler:DirectoryHandler
FontType:TrueType
FontName:MarydaleBold
FamilyName:Marydale
StyleName:Bold
FullName:Marydale Bold
WritingScript:Roman
OutlineFileName:C:/FONTES_NAO_APAGUE/FONTES_DIVERSAS/_MANUSCRITAS/\marydbol.ttf
DataFormat:sfntData
FileLength:48936
FileModTime:811684822
WeightClass:700
WidthClass:5
AngleClass:0
%EndFont

%BeginFont
Handler:DirectoryHandler
FontType:TrueType
FontName:MissLankfort
FamilyName:Miss Lankfort
StyleName:Regular
FullName:Miss Lankfort
WritingScript:Roman
OutlineFileName:C:/FONTES_NAO_APAGUE/FONTES_DIVERSAS/_MANUSCRITAS/\Miss Lankfort.ttf
DataFormat:sfntData
FileLength:64000
FileModTime:1205528739
WeightClass:400
WidthClass:5
AngleClass:0
%EndFont

%BeginFont
Handler:DirectoryHandler
FontType:TrueType
FontName:MrKeningbeck
FamilyName:Mr Keningbeck
StyleName:Regular
FullName:Mr Keningbeck
WritingScript:Roman
OutlineFileName:C:/FONTES_NAO_APAGUE/FONTES_DIVERSAS/_MANUSCRITAS/\Mr Keningbeck.ttf
DataFormat:sfntData
FileLength:179404
FileModTime:1205528774
WeightClass:400
WidthClass:5
AngleClass:0
%EndFont

%BeginFont
Handler:DirectoryHandler
FontType:TrueType
FontName:MrSopkin
FamilyName:Mr Sopkin
StyleName:Regular
FullName:Mr Sopkin
WritingScript:Roman
OutlineFileName:C:/FONTES_NAO_APAGUE/FONTES_DIVERSAS/_MANUSCRITAS/\Mr Sopkin.ttf
DataFormat:sfntData
FileLength:42328
FileModTime:1205528726
WeightClass:400
WidthClass:5
AngleClass:0
%EndFont

%BeginFont
Handler:DirectoryHandler
FontType:TrueType
FontName:National-Primary
FamilyName:National Primary
StyleName:Normal
FullName:National Primary
WritingScript:Roman
OutlineFileName:C:/FONTES_NAO_APAGUE/FONTES_DIVERSAS/_MANUSCRITAS/\NATIONPP.TTF
DataFormat:sfntData
FileLength:60644
FileModTime:787780770
WeightClass:400
WidthClass:5
AngleClass:0
%EndFont

%BeginFont
Handler:DirectoryHandler
FontType:TrueType
FontName:NicholesHand-Plain
FamilyName:NicholesHand
StyleName:Regular
FullName:NicholesHand Regular
WritingScript:Roman
OutlineFileName:C:/FONTES_NAO_APAGUE/FONTES_DIVERSAS/_MANUSCRITAS/\NICHOL-H.TTF
DataFormat:sfntData
FileLength:52568
FileModTime:836841600
WeightClass:5
WidthClass:5
AngleClass:0
%EndFont

%BeginFont
Handler:DirectoryHandler
FontType:TrueType
FontName:P22DaVinciForward
FamilyName:P22 Da Vinci Forward
StyleName:Regular
FullName:P22 Da Vinci Forward
WritingScript:Roman
OutlineFileName:C:/FONTES_NAO_APAGUE/FONTES_DIVERSAS/_MANUSCRITAS/\P22 Da Vinci Forward.ttf
DataFormat:sfntData
FileLength:51656
FileModTime:1205528746
WeightClass:400
WidthClass:5
AngleClass:0
%EndFont

%BeginFont
Handler:DirectoryHandler
FontType:TrueType
FontName:P22HopperJosephine
FamilyName:P22 Hopper Josephine
StyleName:Regular
FullName:P22 Hopper Josephine
WritingScript:Roman
OutlineFileName:C:/FONTES_NAO_APAGUE/FONTES_DIVERSAS/_MANUSCRITAS/\P22 Hopper Josephine.ttf
DataFormat:sfntData
FileLength:67608
FileModTime:1205528771
WeightClass:400
WidthClass:5
AngleClass:0
%EndFont

%BeginFont
Handler:DirectoryHandler
FontType:TrueType
FontName:P22MichelangeloRegular
FamilyName:P22 Michelangelo Regular
StyleName:Regular
FullName:P22 Michelangelo Regular
WritingScript:Roman
OutlineFileName:C:/FONTES_NAO_APAGUE/FONTES_DIVERSAS/_MANUSCRITAS/\P22 Michelangelo Regular.ttf
DataFormat:sfntData
FileLength:52748
FileModTime:1205528556
WeightClass:400
WidthClass:5
AngleClass:0
%EndFont

%BeginFont
Handler:DirectoryHandler
FontType:TrueType
FontName:P22RodinRegular
FamilyName:P22 Rodin Regular
StyleName:Regular
FullName:P22 Rodin Regular
WritingScript:Roman
OutlineFileName:C:/FONTES_NAO_APAGUE/FONTES_DIVERSAS/_MANUSCRITAS/\P22 Rodin Regular.ttf
DataFormat:sfntData
FileLength:48452
FileModTime:1205528582
WeightClass:400
WidthClass:5
AngleClass:0
%EndFont

%BeginFont
Handler:DirectoryHandler
FontType:TrueType
FontName:P22Vincent
FamilyName:P22 Vincent
StyleName:Regular
FullName:P22 Vincent
WritingScript:Roman
OutlineFileName:C:/FONTES_NAO_APAGUE/FONTES_DIVERSAS/_MANUSCRITAS/\P22 Vincent.ttf
DataFormat:sfntData
FileLength:76560
FileModTime:1205528761
WeightClass:400
WidthClass:5
AngleClass:0
%EndFont

%BeginFont
Handler:DirectoryHandler
FontType:TrueType
FontName:PapaManoAOE
FamilyName:PapaMano AOE
StyleName:Regular
FullName:PapaMano AOE
WritingScript:Roman
OutlineFileName:C:/FONTES_NAO_APAGUE/FONTES_DIVERSAS/_MANUSCRITAS/\papamano.ttf
DataFormat:sfntData
FileLength:73536
FileModTime:1079143280
WeightClass:400
WidthClass:5
AngleClass:0
%EndFont

%BeginFont
Handler:DirectoryHandler
FontType:TrueType
FontName:Penstyle
FamilyName:Penstyle
StyleName:Regular
FullName:Penstyle
WritingScript:Roman
OutlineFileName:C:/FONTES_NAO_APAGUE/FONTES_DIVERSAS/_MANUSCRITAS/\PENSTYL.TTF
DataFormat:sfntData
FileLength:31132
FileModTime:837187200
WeightClass:400
WidthClass:5
AngleClass:0
%EndFont

%BeginFont
Handler:DirectoryHandler
FontType:TrueType
FontName:PenstyleBold
FamilyName:Penstyle
StyleName:Bold
FullName:Penstyle Bold
WritingScript:Roman
OutlineFileName:C:/FONTES_NAO_APAGUE/FONTES_DIVERSAS/_MANUSCRITAS/\PENSTYLB.TTF
DataFormat:sfntData
FileLength:29460
FileModTime:837187200
WeightClass:700
WidthClass:5
AngleClass:0
%EndFont

%BeginFont
Handler:DirectoryHandler
FontType:TrueType
FontName:PenTip
FamilyName:Pen Tip
StyleName:Regular
FullName:Pen Tip
WritingScript:Roman
OutlineFileName:C:/FONTES_NAO_APAGUE/FONTES_DIVERSAS/_MANUSCRITAS/\PENTIP_0.TTF
DataFormat:sfntData
FileLength:50272
FileModTime:838234218
WeightClass:400
WidthClass:5
AngleClass:0
%EndFont

%BeginFont
Handler:DirectoryHandler
FontType:TrueType
FontName:PepperPlain
FamilyName:Pepper
StyleName:Regular
FullName:Pepper
WritingScript:Roman
OutlineFileName:C:/FONTES_NAO_APAGUE/FONTES_DIVERSAS/_MANUSCRITAS/\PEPPERN.TTF
DataFormat:sfntData
FileLength:37916
FileModTime:818211600
WeightClass:400
WidthClass:5
AngleClass:0
%EndFont

%BeginFont
Handler:DirectoryHandler
FontType:TrueType
FontName:PetraScriptEF-Alternate
FamilyName:PetraScriptEF-Alternate
StyleName:Regular
FullName:PetraScriptEF-Alternate
WritingScript:Roman
OutlineFileName:C:/FONTES_NAO_APAGUE/FONTES_DIVERSAS/_MANUSCRITAS/\PetraScriptEF-Alternate.ttf
DataFormat:sfntData
FileLength:165268
FileModTime:1205528772
WeightClass:400
WidthClass:5
AngleClass:0
%EndFont

%BeginFont
Handler:DirectoryHandler
FontType:TrueType
FontName:Pirouette
FamilyName:Pirouette
StyleName:Regular
FullName:Pirouette
WritingScript:Roman
OutlineFileName:C:/FONTES_NAO_APAGUE/FONTES_DIVERSAS/_MANUSCRITAS/\pirouett.ttf
DataFormat:sfntData
FileLength:66380
FileModTime:912764998
WeightClass:100
WidthClass:5
AngleClass:0
%EndFont

%BeginFont
Handler:DirectoryHandler
FontType:TrueType
FontName:Point-Dexter
FamilyName:Point-Dexter
StyleName:Regular
FullName:Point-Dexter
WritingScript:Roman
OutlineFileName:C:/FONTES_NAO_APAGUE/FONTES_DIVERSAS/_MANUSCRITAS/\Point-Dexter.ttf
DataFormat:sfntData
FileLength:80748
FileModTime:1205528769
WeightClass:400
WidthClass:5
AngleClass:0
%EndFont

%BeginFont
Handler:DirectoryHandler
FontType:TrueType
FontName:PR8Charade
FamilyName:PR8 Charade
StyleName:Regular
FullName:PR8 Charade
WritingScript:Roman
OutlineFileName:C:/FONTES_NAO_APAGUE/FONTES_DIVERSAS/_MANUSCRITAS/\PR8 Charade.ttf
DataFormat:sfntData
FileLength:65232
FileModTime:1061940660
WeightClass:400
WidthClass:5
AngleClass:0
%EndFont

%BeginFont
Handler:DirectoryHandler
FontType:TrueType
FontName:Rebecca
FamilyName:Rebecca
StyleName:Regular
FullName:Rebecca
WritingScript:Roman
OutlineFileName:C:/FONTES_NAO_APAGUE/FONTES_DIVERSAS/_MANUSCRITAS/\REBECCA_.TTF
DataFormat:sfntData
FileLength:33684
FileModTime:1098305988
WeightClass:400
WidthClass:5
AngleClass:0
%EndFont

%BeginFont
Handler:DirectoryHandler
FontType:TrueType
FontName:SaginawBold
FamilyName:Saginaw
StyleName: Bold
FullName:Saginaw  Bold
WritingScript:Roman
OutlineFileName:C:/FONTES_NAO_APAGUE/FONTES_DIVERSAS/_MANUSCRITAS/\SaginawBold.ttf
DataFormat:sfntData
FileLength:82404
FileModTime:1205528744
WeightClass:700
WidthClass:5
AngleClass:0
%EndFont

%BeginFont
Handler:DirectoryHandler
FontType:TrueType
FontName:SecondGrader
FamilyName:Second-Grader
StyleName:Regular
FullName:Second Grader
WritingScript:Roman
OutlineFileName:C:/FONTES_NAO_APAGUE/FONTES_DIVERSAS/_MANUSCRITAS/\SECNDG.TTF
DataFormat:sfntData
FileLength:49792
FileModTime:841446334
WeightClass:400
WidthClass:5
AngleClass:0
%EndFont

%BeginFont
Handler:DirectoryHandler
FontType:TrueType
FontName:SFBurlingtonScript-Bold
FamilyName:SF Burlington Script
StyleName:Bold
FullName:SF Burlington Script Bold
WritingScript:Roman
OutlineFileName:C:/FONTES_NAO_APAGUE/FONTES_DIVERSAS/_MANUSCRITAS/\SF Burlington Script Bold.ttf
DataFormat:sfntData
FileLength:30056
FileModTime:1205528668
WeightClass:700
WidthClass:5
AngleClass:0
%EndFont

%BeginFont
Handler:DirectoryHandler
FontType:TrueType
FontName:SFBurlingtonScript
FamilyName:SF Burlington Script
StyleName:Regular
FullName:SF Burlington Script
WritingScript:Roman
OutlineFileName:C:/FONTES_NAO_APAGUE/FONTES_DIVERSAS/_MANUSCRITAS/\SF Burlington Script.ttf
DataFormat:sfntData
FileLength:30252
FileModTime:951970380
WeightClass:400
WidthClass:5
AngleClass:0
%EndFont

%BeginFont
Handler:DirectoryHandler
FontType:TrueType
FontName:Sindbad
FamilyName:Sindbad
StyleName:Regular
FullName:Sindbad
WritingScript:Roman
OutlineFileName:C:/FONTES_NAO_APAGUE/FONTES_DIVERSAS/_MANUSCRITAS/\sindbad.ttf
DataFormat:sfntData
FileLength:44740
FileModTime:911814658
WeightClass:5
WidthClass:5
AngleClass:0
%EndFont

%BeginFont
Handler:DirectoryHandler
FontType:TrueType
FontName:Sirene
FamilyName:Sirene
StyleName:Regular
FullName:Sirene
WritingScript:Roman
OutlineFileName:C:/FONTES_NAO_APAGUE/FONTES_DIVERSAS/_MANUSCRITAS/\sirene.ttf
DataFormat:sfntData
FileLength:52820
FileModTime:911894022
WeightClass:5
WidthClass:5
AngleClass:0
%EndFont

%BeginFont
Handler:DirectoryHandler
FontType:TrueType
FontName:SomesStyleStraightoutofSweden
FamilyName:Some's Style
StyleName:Straight out of Sweden
FullName:Some's Style Straight out of Sweden
WritingScript:Roman
OutlineFileName:C:/FONTES_NAO_APAGUE/FONTES_DIVERSAS/_MANUSCRITAS/\SOMESSS_.TTF
DataFormat:sfntData
FileLength:47256
FileModTime:949551142
WeightClass:400
WidthClass:5
AngleClass:0
%EndFont

%BeginFont
Handler:DirectoryHandler
FontType:TrueType
FontName:HW-Stone
FamilyName:HW Stone
StyleName:Normal
FullName:HW Stone
WritingScript:Roman
OutlineFileName:C:/FONTES_NAO_APAGUE/FONTES_DIVERSAS/_MANUSCRITAS/\STONE.TTF
DataFormat:sfntData
FileLength:48372
FileModTime:912609290
WeightClass:400
WidthClass:5
AngleClass:0
%EndFont

%BeginFont
Handler:DirectoryHandler
FontType:TrueType
FontName:SueEllenFrancisco
FamilyName:Sue Ellen Francisco
StyleName:Regular
FullName:Sue Ellen Francisco
WritingScript:Roman
OutlineFileName:C:/FONTES_NAO_APAGUE/FONTES_DIVERSAS/_MANUSCRITAS/\Sue Ellen Francisco.ttf
DataFormat:sfntData
FileLength:33404
FileModTime:1181053278
WeightClass:400
WidthClass:5
AngleClass:0
%EndFont

%BeginFont
Handler:DirectoryHandler
FontType:TrueType
FontName:SwanSong
FamilyName:Swan Song
StyleName:Regular
FullName:Swan Song
WritingScript:Roman
OutlineFileName:C:/FONTES_NAO_APAGUE/FONTES_DIVERSAS/_MANUSCRITAS/\Swan Song.ttf
DataFormat:sfntData
FileLength:143416
FileModTime:1205528732
WeightClass:400
WidthClass:5
AngleClass:0
%EndFont

%BeginFont
Handler:DirectoryHandler
FontType:TrueType
FontName:Treefrog
FamilyName:Treefrog
StyleName:Regular
FullName:Treefrog
WritingScript:Roman
OutlineFileName:C:/FONTES_NAO_APAGUE/FONTES_DIVERSAS/_MANUSCRITAS/\treefrog.ttf
DataFormat:sfntData
FileLength:44120
FileModTime:761058004
WeightClass:400
WidthClass:5
AngleClass:0
%EndFont

%BeginFont
Handler:DirectoryHandler
FontType:TrueType
FontName:Utopia
FamilyName:Utopia
StyleName:Regular
FullName:Utopia
WritingScript:Roman
OutlineFileName:C:/FONTES_NAO_APAGUE/FONTES_DIVERSAS/_MANUSCRITAS/\utopia.ttf
DataFormat:sfntData
FileLength:82040
FileModTime:912695950
WeightClass:100
WidthClass:5
AngleClass:0
%EndFont

%BeginFont
Handler:DirectoryHandler
FontType:TrueType
FontName:Vassallo-Regular
FamilyName:Vassallo
StyleName:Regular
FullName:Vassallo Regular
WritingScript:Roman
OutlineFileName:C:/FONTES_NAO_APAGUE/FONTES_DIVERSAS/_MANUSCRITAS/\VASSALLO.TTF
DataFormat:sfntData
FileLength:55240
FileModTime:733014480
WeightClass:400
WidthClass:5
AngleClass:0
%EndFont

%BeginFont
Handler:DirectoryHandler
FontType:TrueType
FontName:Vecker-Bold
FamilyName:Vecker Bold
StyleName:Regular
FullName:Vecker Bold
WritingScript:Roman
OutlineFileName:C:/FONTES_NAO_APAGUE/FONTES_DIVERSAS/_MANUSCRITAS/\vecker.ttf
DataFormat:sfntData
FileLength:63788
FileModTime:781286730
WeightClass:400
WidthClass:5
AngleClass:0
%EndFont

%BeginFont
Handler:DirectoryHandler
FontType:TrueType
FontName:Veilchen
FamilyName:Veilchen
StyleName:Regular
FullName:Veilchen
WritingScript:Roman
OutlineFileName:C:/FONTES_NAO_APAGUE/FONTES_DIVERSAS/_MANUSCRITAS/\veilchen.ttf
DataFormat:sfntData
FileLength:55484
FileModTime:912695618
WeightClass:100
WidthClass:5
AngleClass:0
%EndFont

%BeginFont
Handler:DirectoryHandler
FontType:TrueType
FontName:Witched
FamilyName:Witched
StyleName:Regular
FullName:Witched
FamilyNameNative:
StyleNameNative:Regular
FullNameNative:
WritingScript:Cyrillic
OutlineFileName:C:/FONTES_NAO_APAGUE/FONTES_DIVERSAS/_MANUSCRITAS/\Witched.TTF
DataFormat:sfntData
FileLength:13380
FileModTime:1008182496
WeightClass:400
WidthClass:5
AngleClass:0
%EndFont

%BeginFont
Handler:DirectoryHandler
FontType:TrueType
FontName:YankeeGhostsBB
FamilyName:Yankee Ghosts BB
StyleName:Regular
FullName:Yankee Ghosts BB
WritingScript:Roman
OutlineFileName:C:/FONTES_NAO_APAGUE/FONTES_DIVERSAS/_MANUSCRITAS/\Yankee Ghosts BB.ttf
DataFormat:sfntData
FileLength:99880
FileModTime:1205528751
WeightClass:400
WidthClass:5
AngleClass:0
%EndFont

%BeginFont
Handler:DirectoryHandler
FontType:Type1
FontName:Yevida-Potens
FamilyName:Yevida
StyleName:Potens
FullName:Yevida Potens
WritingScript:Roman
OutlineFileName:C:/FONTES_NAO_APAGUE/FONTES_DIVERSAS/_MANUSCRITAS/\yevidapotens.otf
DataFormat:sfntData
UsesStandardEncoding:yes
isCFF:yes
FileLength:77476
FileModTime:1205528713
WeightClass:400
WidthClass:5
AngleClass:1
%EndFont

